--------- beginning of main
02-16 21:37:32.014  5300  5300 D LifecycleMonitor: Lifecycle status change: com.danylo.oliveira.servicoapp.MainActivity@254e9e3 in: STOPPED
02-16 21:37:32.018  5300  5300 D LifecycleMonitor: Lifecycle status change: com.danylo.oliveira.servicoapp.MainActivity@254e9e3 in: DESTROYED
02-16 21:37:32.019  5300  5300 W WindowOnBackDispatcher: sendCancelIfRunning: isInProgress=false callback=android.view.ViewRootImpl$$ExternalSyntheticLambda13@77c5c07
02-16 21:37:32.020  5300  5300 D ViewRootImpl: Skipping stats log for color mode
02-16 21:37:32.022  5300  5300 W unknown:BridgelessReact: ReactHost{0}.stopSurface(surfaceId = 0): Schedule
02-16 21:37:32.022  5300  5300 W unknown:BridgelessReact: ReactHost{0}.detachSurface(surfaceId = 0)
02-16 21:37:32.023  5300  5350 W unknown:BridgelessReact: ReactHost{0}.raiseSoftException(callWithExistingReactInstance(stopSurface(surfaceId = 0))): Execute: reactInstance is null. Dropping work.
02-16 21:37:32.023  5300  5350 E unknown:ReactHost: Unhandled SoftException
02-16 21:37:32.023  5300  5350 E unknown:ReactHost: com.facebook.react.bridge.ReactNoCrashSoftException: raiseSoftException(callWithExistingReactInstance(stopSurface(surfaceId = 0))): Execute: reactInstance is null. Dropping work.
02-16 21:37:32.023  5300  5350 E unknown:ReactHost: 	at com.facebook.react.runtime.ReactHostImpl.raiseSoftException(ReactHostImpl.kt:787)
02-16 21:37:32.023  5300  5350 E unknown:ReactHost: 	at com.facebook.react.runtime.ReactHostImpl.raiseSoftException$default(ReactHostImpl.kt:779)
02-16 21:37:32.023  5300  5350 E unknown:ReactHost: 	at com.facebook.react.runtime.ReactHostImpl.callWithExistingReactInstance$lambda$28(ReactHostImpl.kt:802)
02-16 21:37:32.023  5300  5350 E unknown:ReactHost: 	at com.facebook.react.runtime.ReactHostImpl.$r8$lambda$6NreFt2BcPly8g6qrNV9Z1C-YmU(Unknown Source:0)
02-16 21:37:32.023  5300  5350 E unknown:ReactHost: 	at com.facebook.react.runtime.ReactHostImpl$$ExternalSyntheticLambda31.then(D8$$SyntheticClass:0)
02-16 21:37:32.023  5300  5350 E unknown:ReactHost: 	at com.facebook.react.runtime.internal.bolts.Task$Companion.completeImmediately$lambda$3(Task.kt:356)
02-16 21:37:32.023  5300  5350 E unknown:ReactHost: 	at com.facebook.react.runtime.internal.bolts.Task$Companion.$r8$lambda$b7MTC0ufkn_2TjF4BGcNqGR9qK0(Unknown Source:0)
02-16 21:37:32.023  5300  5350 E unknown:ReactHost: 	at com.facebook.react.runtime.internal.bolts.Task$Companion$$ExternalSyntheticLambda3.run(D8$$SyntheticClass:0)
02-16 21:37:32.023  5300  5350 E unknown:ReactHost: 	at com.facebook.react.runtime.internal.bolts.Executors$ImmediateExecutor.execute(Executors.kt:41)
02-16 21:37:32.023  5300  5350 E unknown:ReactHost: 	at com.facebook.react.runtime.internal.bolts.Task$Companion.completeImmediately(Task.kt:354)
02-16 21:37:32.023  5300  5350 E unknown:ReactHost: 	at com.facebook.react.runtime.internal.bolts.Task$Companion.access$completeImmediately(Task.kt:250)
02-16 21:37:32.023  5300  5350 E unknown:ReactHost: 	at com.facebook.react.runtime.internal.bolts.Task.continueWith(Task.kt:132)
02-16 21:37:32.023  5300  5350 E unknown:ReactHost: 	at com.facebook.react.runtime.internal.bolts.Task.continueWith$default(Task.kt:117)
02-16 21:37:32.023  5300  5350 E unknown:ReactHost: 	at com.facebook.react.runtime.internal.bolts.Task.onSuccess$lambda$12(Task.kt:174)
02-16 21:37:32.023  5300  5350 E unknown:ReactHost: 	at com.facebook.react.runtime.internal.bolts.Task.$r8$lambda$l0wwo5AvbHxlwfI1R7CH_codxoo(Unknown Source:0)
02-16 21:37:32.023  5300  5350 E unknown:ReactHost: 	at com.facebook.react.runtime.internal.bolts.Task$$ExternalSyntheticLambda2.then(D8$$SyntheticClass:0)
02-16 21:37:32.023  5300  5350 E unknown:ReactHost: 	at com.facebook.react.runtime.internal.bolts.Task$Companion.completeAfterTask$lambda$5(Task.kt:390)
02-16 21:37:32.023  5300  5350 E unknown:ReactHost: 	at com.facebook.react.runtime.internal.bolts.Task$Companion.$r8$lambda$IPpysnehFwANEiW061YzapkMdoE(Unknown Source:0)
02-16 21:37:32.023  5300  5350 E unknown:ReactHost: 	at com.facebook.react.runtime.internal.bolts--------- beginning of main
02-16 21:37:35.220  5541  5541 I eira.servicoapp: Late-enabling -Xcheck:jni
02-16 21:37:35.242  5541  5541 I eira.servicoapp: Using CollectorTypeCMC GC.
02-16 21:37:35.245  5541  5541 W eira.servicoapp: Unexpected CPU variant for x86: x86_64.
02-16 21:37:35.245  5541  5541 W eira.servicoapp: Known variants: atom, sandybridge, silvermont, goldmont, goldmont-plus, goldmont-without-sha-xsaves, tremont, kabylake, alderlake, default
02-16 21:37:35.256  5541  5541 D nativeloader: Load libframework-connectivity-tiramisu-jni.so using APEX ns com_android_tethering for caller /apex/com.android.tethering/javalib/framework-connectivity-t.jar: ok
--------- beginning of system
02-16 21:37:35.294  5541  5541 W ActivityThread: Package uses different ABI(s) than its instrumentation: package[com.danylo.oliveira.servicoapp]: x86_64, null instrumentation[com.danylo.oliveira.servicoapp.test]: null, null
02-16 21:37:35.295  5541  5541 D ApplicationLoaders: Returning zygote-cached class loader: /system/framework/org.apache.http.legacy.jar
02-16 21:37:35.297  5541  5541 W eira.servicoapp: ClassLoaderContext shared library size mismatch. Expected=2, found=1 (PCL[]{PCL[/system/framework/android.test.base.jar*2789897741]#PCL[/system/framework/android.test.mock.jar*3361312393]} | PCL[]{PCL[/system/framework/org.apache.http.legacy.jar*4247870504]})
02-16 21:37:35.299  5541  5541 W eira.servicoapp: ClassLoaderContext classpath size mismatch. expected=0, found=1 (PCL[] | PCL[/system/framework/android.test.runner.jar*895143020]{PCL[/system/framework/org.apache.http.legacy.jar*4247870504]})
02-16 21:37:35.302  5541  5541 W eira.servicoapp: ClassLoaderContext classpath size mismatch. expected=0, found=2 (PCL[] | PCL[/system/framework/android.test.runner.jar*895143020:/system/framework/android.test.mock.jar*3361312393]{PCL[/system/framework/org.apache.http.legacy.jar*4247870504]})
02-16 21:37:35.585  5541  5541 D nativeloader: Configuring clns-9 for other apk /system/framework/android.test.runner.jar:/system/framework/android.test.mock.jar:/system/framework/android.test.base.jar:/data/app/~~pNZqjCvRstqYhMtrPxeO1w==/com.danylo.oliveira.servicoapp.test-wYkEM4ZraHcOuMCLfdSdSw==/base.apk:/data/app/~~ToQwgOo_0mVzgZZcAHiZZA==/com.danylo.oliveira.servicoapp-Y4om5k79MUIHie7ADkXFUg==/base.apk. target_sdk_version=36, uses_libraries=, library_path=/data/app/~~pNZqjCvRstqYhMtrPxeO1w==/com.danylo.oliveira.servicoapp.test-wYkEM4ZraHcOuMCLfdSdSw==/lib/x86_64:/data/app/~~ToQwgOo_0mVzgZZcAHiZZA==/com.danylo.oliveira.servicoapp-Y4om5k79MUIHie7ADkXFUg==/lib/x86_64:/data/app/~~pNZqjCvRstqYhMtrPxeO1w==/com.danylo.oliveira.servicoapp.test-wYkEM4ZraHcOuMCLfdSdSw==/base.apk!/lib/x86_64:/data/app/~~ToQwgOo_0mVzgZZcAHiZZA==/com.danylo.oliveira.servicoapp-Y4om5k79MUIHie7ADkXFUg==/base.apk!/lib/x86_64, permitted_path=/data:/mnt/expand:/data/user/0/com.danylo.oliveira.servicoapp
02-16 21:37:35.591  5541  5541 I eira.servicoapp: AssetManager2(0x79ff5be2e118) locale list changing from [] to [en-US]
02-16 21:37:35.599  5541  5541 V GraphicsEnvironment: Currently set values for:
02-16 21:37:35.599  5541  5541 V GraphicsEnvironment:   angle_gl_driver_selection_pkgs=[]
02-16 21:37:35.599  5541  5541 V GraphicsEnvironment:   angle_gl_driver_selection_values=[]
02-16 21:37:35.599  5541  5541 V GraphicsEnvironment: com.danylo.oliveira.servicoapp is not listed in per-application setting
02-16 21:37:35.600  5541  5541 V GraphicsEnvironment: ANGLE allowlist from config: com.dreamgames.royalmatch com.dts.freefiremax com.dxx.firenow com.gramgames.mergedragons com.ludo.king com.mojang.minecraftpe com.my.defense com.nintendo.zaka com.os.airforce com.playrix.fishdomdd.gplay io.teslatech.callbreak jp.konami.prospia net.peakgames.toonblast
02-16 21:37:35.600  5541  5541 V GraphicsEnvironment: com.danylo.oliveira.servicoapp is not listed in ANGLE allowlist or settings, returning default
02-16 21:37:35.600  5541  5541 V GraphicsEnvironment: Neither updatable production driver nor prerelease driver is supported.
02-16 21:37:35.605  5541  5541 D ApplicationLoaders: Returning zygote-cached class loader: /system/framework/android.test.base.jar
02-16 21:37:35.608  5541  5541 D nativeloader: Configuring clns-10 for other apk /system/framework/android.test.mock.jar. target_sdk_version=36, uses_libraries=ALL, library_path=/data/app/~~pNZqjCvRstqYhMtrPxeO1w==/com.danylo.oliveira.servicoapp.test-wYkEM4ZraHcOuMCLfdSdSw==/lib/x86_64:/data/app/~~ToQwgOo_0mVzgZZcAHiZZA==/com.danylo.oliveira.servicoapp-Y4om5k79MUIHie7ADkXFUg==/lib/x86_64, permitted_path=/data:/mnt/expand
02-16 21:37:35.609  5541  5541 D ApplicationLoaders: Returning zygote-cached class loader: /system/framework/android.test.base.jar
02-16 21:37:35.610  5541  5541 D nativeloader: Configuring clns-11 for other apk /system/framework/android.test.runner.jar. target_sdk_version=36, uses_libraries=ALL, library_path=/data/app/~~pNZqjCvRstqYhMtrPxeO1w==/com.danylo.oliveira.servicoapp.test-wYkEM4ZraHcOuMCLfdSdSw==/lib/x86_64:/data/app/~~ToQwgOo_0mVzgZZcAHiZZA==/com.danylo.oliveira.servicoapp-Y4om5k79MUIHie7ADkXFUg==/lib/x86_64, permitted_path=/data:/mnt/expand
02-16 21:37:35.613  5541  5541 W eira.servicoapp: ClassLoaderContext shared library size mismatch. Expected=2, found=3 (PCL[]{PCL[/system/framework/android.test.base.jar*2789897741]#PCL[/system/framework/android.test.mock.jar*3361312393]} | PCL[]{PCL[/system/framework/android.test.base.jar*2789897741]#PCL[/system/framework/android.test.mock.jar*3361312393]#PCL[/system/framework/android.test.runner.jar*895143020]{PCL[/system/framework/android.test.base.jar*2789897741]#PCL[/system/framework/android.test.mock.jar*3361312393]}};PCL[/system/framework/android.test.runner.jar*895143020:/system/framework/android.test.mock.jar*3361312393:/system/framework/android.test.base.jar*2789897741:/data/app/~~pNZqjCvRstqYhMtrPxeO1w==/com.danylo.oliveira.servicoapp.test-wYkEM4ZraHcOuMCLfdSdSw==/base.apk*593022015:/data/app/~~ToQwgOo_0mVzgZZcAHiZZA==/com.danylo.oliveira.servicoapp-Y4om5k79MUIHie7ADkXFUg==/base.apk*1180559878]{PCL[/system/framework/org.apache.http.legacy.jar*4247870504]})
02-16 21:37:35.617  5541  5541 W eira.servicoapp: ClassLoaderContext classpath size mismatch. expected=0, found=1 (PCL[] | PCL[/system/framework/android.test.runner.jar*895143020]{PCL[/system/framework/android.test.base.jar*2789897741]#PCL[/system/framework/android.test.mock.jar*3361312393]#PCL[/system/framework/android.test.runner.jar*895143020]{PCL[/system/framework/android.test.base.jar*2789897741]#PCL[/system/framework/android.test.mock.jar*3361312393]}};PCL[/system/framework/android.test.runner.jar*895143020:/system/framework/android.test.mock.jar*3361312393:/system/framework/android.test.base.jar*2789897741:/data/app/~~pNZqjCvRstqYhMtrPxeO1w==/com.danylo.oliveira.servicoapp.test-wYkEM4ZraHcOuMCLfdSdSw==/base.apk*593022015:/data/app/~~ToQwgOo_0mVzgZZcAHiZZA==/com.danylo.oliveira.servicoapp-Y4om5k79MUIHie7ADkXFUg==/base.apk*1180559878]{PCL[/system/framework/org.apache.http.legacy.jar*4247870504]})
02-16 21:37:35.621  5541  5541 W eira.servicoapp: ClassLoaderContext classpath size mismatch. expected=0, found=2 (PCL[] | PCL[/system/framework/android.test.runner.jar*895143020:/system/framework/android.test.mock.jar*3361312393]{PCL[/system/framework/android.test.base.jar*2789897741]#PCL[/system/framework/android.test.mock.jar*3361312393]#PCL[/system/framework/android.test.runner.jar*895143020]{PCL[/system/framework/android.test.base.jar*2789897741]#PCL[/system/framework/android.test.mock.jar*3361312393]}};PCL[/system/framework/android.test.runner.jar*895143020:/system/framework/android.test.mock.jar*3361312393:/system/framework/android.test.base.jar*2789897741:/data/app/~~pNZqjCvRstqYhMtrPxeO1w==/com.danylo.oliveira.servicoapp.test-wYkEM4ZraHcOuMCLfdSdSw==/base.apk*593022015:/data/app/~~ToQwgOo_0mVzgZZcAHiZZA==/com.danylo.oliveira.servicoapp-Y4om5k79MUIHie7ADkXFUg==/base.apk*1180559878]{PCL[/system/framework/org.apache.http.legacy.jar*4247870504]})
02-16 21:37:35.853  5541  5541 I eira.servicoapp: AssetManager2(0x79ff5be33898) locale list changing from [] to [en-US]
02-16 21:37:35.865  5541  5541 I AndroidJUnitRunner: newApplication com.danylo.oliveira.servicoapp.MainApplication
02-16 21:37:36.020  5541  5541 W FirebaseApp: Default FirebaseApp failed to initialize because no default options were found. This usually means that com.google.gms:google-services was not applied to your gradle project.
02-16 21:37:36.020  5541  5541 I FirebaseInitProvider: FirebaseApp initialization unsuccessful
02-16 21:37:36.026  5541  5541 D WM-WrkMgrInitializer: Initializing WorkManager with default configuration.
02-16 21:37:36.063  5541  5570 E ashmem  : Pinning is deprecated since Android Q. Please use trim or other methods.
02-16 21:37:36.082  5541  5541 I AndroidJUnitRunner: onCreate Bundle[mParcelledData.dataSize=240]
02-16 21:37:36.084  5541  5541 D AndroidJUnitRunner: Use the raw file system for managing file I/O.
02-16 21:37:36.119  5541  5541 V TestEventClient: No service name argument was given (testDiscoveryService, testRunEventService or orchestratorService)
02-16 21:37:36.120  5541  5572 D AndroidJUnitRunner: onStart is called.
02-16 21:37:36.127  5541  5541 W SoLoader: Initializing SoLoader: 0
02-16 21:37:36.129  5541  5541 W SoLoader: Recording new base apk path: /data/app/~~ToQwgOo_0mVzgZZcAHiZZA==/com.danylo.oliveira.servicoapp-Y4om5k79MUIHie7ADkXFUg==/base.apk
02-16 21:37:36.129  5541  5541 W SoLoader: Previously recorded 0 base apk paths.
02-16 21:37:36.131  5541  5541 I SoLoader: Preparing SO source: DirectorySoSource[root = /vendor/lib64 flags = 2]
02-16 21:37:36.132  5541  5541 I SoLoader: Preparing SO source: DirectorySoSource[root = /system/lib64 flags = 2]
02-16 21:37:36.132  5541  5541 I SoLoader: Preparing SO source: DirectApkSoSource[root = [/data/app/~~ToQwgOo_0mVzgZZcAHiZZA==/com.danylo.oliveira.servicoapp-Y4om5k79MUIHie7ADkXFUg==/base.apk!/lib/x86_64]]
02-16 21:37:36.163  5541  5541 I SoLoader: Preparing SO source: ApplicationSoSource[DirectorySoSource[root = /data/app/~~ToQwgOo_0mVzgZZcAHiZZA==/com.danylo.oliveira.servicoapp-Y4om5k79MUIHie7ADkXFUg==/lib/x86_64 flags = 0]]
02-16 21:37:36.163  5541  5541 I SoLoader: init finish: 4 SO sources prepared
02-16 21:37:36.164  5541  5541 W SoLoader: SoLoader initialized: 8
02-16 21:37:36.211  5541  5541 D nativeloader: Load /data/app/~~ToQwgOo_0mVzgZZcAHiZZA==/com.danylo.oliveira.servicoapp-Y4om5k79MUIHie7ADkXFUg==/base.apk!/lib/x86_64/libc++_shared.so using class loader ns clns-9 (caller=/data/app/~~ToQwgOo_0mVzgZZcAHiZZA==/com.danylo.oliveira.servicoapp-Y4om5k79MUIHie7ADkXFUg==/base.apk!classes20.dex): ok
02-16 21:37:36.221  5541  5541 D nativeloader: Load /data/app/~~ToQwgOo_0mVzgZZcAHiZZA==/com.danylo.oliveira.servicoapp-Y4om5k79MUIHie7ADkXFUg==/base.apk!/lib/x86_64/libjsi.so using class loader ns clns-9 (caller=/data/app/~~ToQwgOo_0mVzgZZcAHiZZA==/com.danylo.oliveira.servicoapp-Y4om5k79MUIHie7ADkXFUg==/base.apk!classes20.dex): ok
02-16 21:37:36.228  5541  5541 D nativeloader: Load /data/app/~~ToQwgOo_0mVzgZZcAHiZZA==/com.danylo.oliveira.servicoapp-Y4om5k79MUIHie7ADkXFUg==/base.apk!/lib/x86_64/libfbjni.so using class loader ns clns-9 (caller=/data/app/~~ToQwgOo_0mVzgZZcAHiZZA==/com.danylo.oliveira.servicoapp-Y4om5k79MUIHie7ADkXFUg==/base.apk!classes20.dex): ok
02-16 21:37:36.238  5541  5541 D nativeloader: Load /data/app/~~ToQwgOo_0mVzgZZcAHiZZA==/com.danylo.oliveira.servicoapp-Y4om5k79MUIHie7ADkXFUg==/base.apk!/lib/x86_64/libreactnative.so using class loader ns clns-9 (caller=/data/app/~~ToQwgOo_0mVzgZZcAHiZZA==/com.danylo.oliveira.servicoapp-Y4om5k79MUIHie7ADkXFUg==/base.apk!classes20.dex): ok
02-16 21:37:36.239  5541  5541 D jni_lib_merge: Entering merged library JNI_OnLoad.
02-16 21:37:36.239  5541  5541 D jni_lib_merge: Preparing 12 pre-merged libs (including stub)
02-16 21:37:36.239  5541  5541 D jni_lib_merge: Preparing to register libfabricjni_so.  onload_func: 0x79fe3abe6550
02-16 21:37:36.239  5541  5541 D jni_lib_merge: Preparing to register libreact_devsupportjni_so.  onload_func: 0x79fe3add3c30
02-16 21:37:36.239  5541  5541 D jni_lib_merge: Preparing to register libreact_featureflagsjni_so.  onload_func: 0x79fe3ade1780
02-16 21:37:36.239  5541  5541 D jni_lib_merge: Preparing to register libreact_newarchdefaults_so.  onload_func: 0x79fe3ae461f0
02-16 21:37:36.239  5541  5541 D jni_lib_merge: Preparing to register libreactnativeblob_so.  onload_func: 0x79fe3b02e400
02-16 21:37:36.239  5541  5541 D jni_lib_merge: Preparing to register libreactnativejni_so.  onload_func: 0x79fe3b078cb0
02-16 21:37:36.239  5541  5541 D jni_lib_merge: Preparing to register libreactnativejni_common_so.  onload_func: 0x79fe3b088ab0
02-16 21:37:36.239  5541  5541 D jni_lib_merge: Preparing to register librninstance_so.  onload_func: 0x79fe3b0ce920
02-16 21:37:36.239  5541  5541 D jni_lib_merge: Preparing to register libturbomodulejsijni_so.  onload_func: 0x79fe3b1ed6a0
02-16 21:37:36.239  5541  5541 D jni_lib_merge: Preparing to register libuimanagerjni_so.  onload_func: 0x79fe3b205920
02-16 21:37:36.239  5541  5541 D jni_lib_merge: Preparing to register libyoga_so.  onload_func: 0x79fe3b2148b0
02-16 21:37:36.239  5541  5541 D jni_lib_merge: About to register 11 actual methods.
02-16 21:37:36.254  5541  5541 D nativeloader: Load /data/app/~~ToQwgOo_0mVzgZZcAHiZZA==/com.danylo.oliveira.servicoapp-Y4om5k79MUIHie7ADkXFUg==/base.apk!/lib/x86_64/libreact_codegen_rnscreens.so using class loader ns clns-9 (caller=/data/app/~~ToQwgOo_0mVzgZZcAHiZZA==/com.danylo.oliveira.servicoapp-Y4om5k79MUIHie7ADkXFUg==/base.apk!classes20.dex): ok
02-16 21:37:36.254  5541  5541 D jni_lib_merge: Entering merged library JNI_OnLoad.
02-16 21:37:36.254  5541  5541 D jni_lib_merge: Preparing 12 pre-merged libs (including stub)
02-16 21:37:36.254  5541  5541 D jni_lib_merge: Preparing to register libfabricjni_so.  onload_func: 0x79fe3abe6550
02-16 21:37:36.254  5541  5541 D jni_lib_merge: Preparing to register libreact_devsupportjni_so.  onload_func: 0x79fe3add3c30
02-16 21:37:36.254  5541  5541 D jni_lib_merge: Preparing to register libreact_featureflagsjni_so.  onload_func: 0x79fe3ade1780
02-16 21:37:36.254  5541  5541 D jni_lib_merge: Preparing to register libreact_newarchdefaults_so.  onload_func: 0x79fe3ae461f0
02-16 21:37:36.254  5541  5541 D jni_lib_merge: Preparing to register libreactnativeblob_so.  onload_func: 0x79fe3b02e400
02-16 21:37:36.254  5541  5541 D jni_lib_merge: Preparing to register libreactnativejni_so.  onload_func: 0x79fe3b078cb0
02-16 21:37:36.254  5541  5541 D jni_lib_merge: Preparing to register libreactnativejni_common_so.  onload_func: 0x79fe3b088ab0
02-16 21:37:36.254  5541  5541 D jni_lib_merge: Preparing to register librninstance_so.  onload_func: 0x79fe3b0ce920
02-16 21:37:36.254  5541  5541 D jni_lib_merge: Preparing to register libturbomodulejsijni_so.  onload_func: 0x79fe3b1ed6a0
02-16 21:37:36.254  5541  5541 D jni_lib_merge: Preparing to register libuimanagerjni_so.  onload_func: 0x79fe3b205920
02-16 21:37:36.254  5541  5541 D jni_lib_merge: Preparing to register libyoga_so.  onload_func: 0x79fe3b2148b0
02-16 21:37:36.254  5541  5541 D jni_lib_merge: About to register 11 actual methods.
02-16 21:37:36.261  5541  5541 D nativeloader: Load /data/app/~~ToQwgOo_0mVzgZZcAHiZZA==/com.danylo.oliveira.servicoapp-Y4om5k79MUIHie7ADkXFUg==/base.apk!/lib/x86_64/libreact_codegen_safeareacontext.so using class loader ns clns-9 (caller=/data/app/~~ToQwgOo_0mVzgZZcAHiZZA==/com.danylo.oliveira.servicoapp-Y4om5k79MUIHie7ADkXFUg==/base.apk!classes20.dex): ok
02-16 21:37:36.265  5541  5541 D nativeloader: Load /data/app/~~ToQwgOo_0mVzgZZcAHiZZA==/com.danylo.oliveira.servicoapp-Y4om5k79MUIHie7ADkXFUg==/base.apk!/lib/x86_64/libappmodules.so using class loader ns clns-9 (caller=/data/app/~~ToQwgOo_0mVzgZZcAHiZZA==/com.danylo.oliveira.servicoapp-Y4om5k79MUIHie7ADkXFUg==/base.apk!classes20.dex): ok
02-16 21:37:36.278  5541  5572 I InstrConnection: Could not send broadcast or register receiver (isolatedProcess?)
02-16 21:37:36.288  5541  5572 D TestRequestBuilder: Using class path scanning to discover tests
02-16 21:37:36.288  5541  5572 I TestRequestBuilder: Scanning classpath to find tests in paths [/data/app/~~pNZqjCvRstqYhMtrPxeO1w==/com.danylo.oliveira.servicoapp.test-wYkEM4ZraHcOuMCLfdSdSw==/base.apk]
02-16 21:37:36.289  5541  5572 W eira.servicoapp: Opening an oat file without a class loader. Are you using the deprecated DexFile APIs?
02-16 21:37:36.508  5541  5572 I TestRunner: run started: 1 tests
02-16 21:37:36.509  5541  5572 I TestRunner: started: runDetoxTests(com.danylo.oliveira.servicoapp.DetoxTest)
02-16 21:37:36.520  5541  5572 I Detox   : Detox server connection details: url=ws://localhost:52942, sessionId=b26e7842-2e3a-e0a2-7d0f-71eb77563053
02-16 21:37:36.535  5541  5572 I Tracing : Tracer added: class androidx.test.platform.tracing.AndroidXTracer
02-16 21:37:36.565  5541  5572 I eira.servicoapp: hiddenapi: Accessing hidden field Ljava/lang/reflect/Field;->accessFlags:I (runtime_flags=0, domain=core-platform, api=unsupported) from Lorg/joor/Reflect; (domain=app) using reflection: allowed
02-16 21:37:36.569  5541  5572 I Detox   : Connecting to server...
02-16 21:37:36.569  5541  5572 I DetoxWSClient: At connectToServer
02-16 21:37:36.663  5541  5578 D DetoxWSClient: At onOpen
02-16 21:37:36.663  5541  5578 I DetoxWSClient: Sending out action 'login' (ID #0)
02-16 21:37:36.663  5541  5578 I Detox   : Connected to server!
02-16 21:37:36.667  5541  5578 D DetoxWSClient: Received action 'loginSuccess' (ID #0, params={"testerConnected":true,"appConnected":true})
02-16 21:37:36.667  5541  5574 I DetoxDispatcher: Handling action 'loginSuccess' (ID #0)...
02-16 21:37:36.668  5541  5574 I DetoxDispatcher: Done with action 'loginSuccess'
02-16 21:37:36.668  5541  5572 I Detox   : Launching the tested activity!
02-16 21:37:36.694  5541  5541 I eira.servicoapp: AssetManager2(0x79ff5be2a298) locale list changing from [] to [en-US]
02-16 21:37:36.699  5541  5584 I DisplayManager: Choreographer implicitly registered for the refresh rate.
02-16 21:37:36.712  5541  5578 D DetoxWSClient: Received action 'isReady' (ID #-1000, params={})
02-16 21:37:36.713  5541  5574 I DetoxDispatcher: Handling action 'isReady' (ID #-1000)...
02-16 21:37:36.752  5541  5584 I EGL_emulation: Opening libGLESv1_CM_emulation.so
02-16 21:37:36.752  5541  5584 I EGL_emulation: Opening libGLESv2_emulation.so
02-16 21:37:36.803  5541  5584 W HWUI    : Failed to choose config with EGL_SWAP_BEHAVIOR_PRESERVED, retrying without...
02-16 21:37:36.804  5541  5584 W HWUI    : Failed to initialize 101010-2 format, error = EGL_SUCCESS
02-16 21:37:36.843  5541  5541 D AppCompatDelegate: Checking for metadata for AppLocalesMetadataHolderService : Service not found
02-16 21:37:36.843  5541  5541 I eira.servicoapp: AssetManager2(0x79ff5be2bb98) locale list changing from [] to [en-US]
02-16 21:37:36.851  5541  5541 D LifecycleMonitor: Lifecycle status change: com.danylo.oliveira.servicoapp.MainActivity@254e9e3 in: PRE_ON_CREATE
02-16 21:37:36.877  5541  5541 D CompatChangeReporter: Compat change id reported: 377864165; UID 10237; state: ENABLED
02-16 21:37:36.878  5541  5541 D DesktopModeFlags: Toggle override initialized to: OVERRIDE_UNSET
02-16 21:37:36.897  5541  5541 I eira.servicoapp: hiddenapi: Accessing hidden method Landroid/view/ViewGroup;->makeOptionalFitsSystemWindows()V (runtime_flags=0, domain=platform, api=unsupported) from Landroidx/appcompat/widget/ViewUtils; (domain=app) using reflection: allowed
02-16 21:37:37.027  5541  5541 W unknown:BridgelessReact: ReactHost{0}.startSurface(surfaceId = 0): Schedule
02-16 21:37:37.027  5541  5541 W unknown:BridgelessReact: ReactHost{0}.attachSurface(surfaceId = 0)
02-16 21:37:37.028  5541  5593 W unknown:BridgelessReact: ReactHost{0}.getOrCreateReactInstanceTask()
02-16 21:37:37.028  5541  5593 W unknown:BridgelessReact: ReactHost{0}.getOrCreateReactInstanceTask(): Start
02-16 21:37:37.028  5541  5593 D Detox.RNMarker: REACT_BRIDGELESS_LOADING_START (null)
02-16 21:37:37.028  5541  5593 W unknown:BridgelessReact: ReactHost{0}.getJSBundleLoader()
02-16 21:37:37.028  5541  5593 W unknown:BridgelessReact: ReactHost{0}.isMetroRunning()
02-16 21:37:37.038  5541  5541 D LifecycleMonitor: Lifecycle status change: com.danylo.oliveira.servicoapp.MainActivity@254e9e3 in: CREATED
02-16 21:37:37.039  5541  5541 D LifecycleMonitor: Lifecycle status change: com.danylo.oliveira.servicoapp.MainActivity@254e9e3 in: STARTED
02-16 21:37:37.040  5541  5541 W WindowOnBackDispatcher: OnBackInvokedCallback is not enabled for the application.
02-16 21:37:37.040  5541  5541 W WindowOnBackDispatcher: Set 'android:enableOnBackInvokedCallback="true"' in the application manifest.
02-16 21:37:37.044  5541  5541 W unknown:BridgelessReact: ReactHost{0}.onHostResume(activity)
02-16 21:37:37.044  5541  5541 W unknown:ReactNative: Packager connection already open, nooping.
02-16 21:37:37.044  5541  5541 D LifecycleMonitor: Lifecycle status change: com.danylo.oliveira.servicoapp.MainActivity@254e9e3 in: RESUMED
02-16 21:37:37.059  5541  5541 W HWUI    : Unknown dataspace 0
02-16 21:37:37.272  5541  5546 I eira.servicoapp: Compiler allocated 5042KB to compile void android.view.ViewRootImpl.performTraversals()
02-16 21:37:41.512  5541  5600 D ProfileInstaller: Installing profile for com.danylo.oliveira.servicoapp
02-16 21:37:42.033  5541  5594 W unknown:ReactNative: The packager does not seem to be running as we got an IOException requesting its status: failed to connect to /10.0.2.2 (port 8081) from /10.0.2.16 (port 39986) after 5000ms
02-16 21:37:42.033  5541  5594 W unknown:BridgelessReact: ReactHost{0}.isMetroRunning(): Async result = false
02-16 21:37:42.035  5541  5593 W unknown:BridgelessReact: ReactHost{0}.getOrCreateReactContext(): Creating BridgelessReactContext
02-16 21:37:42.038  5541  5593 W unknown:BridgelessReact: ReactHost{0}.getOrCreateReactInstanceTask(): Creating ReactInstance
02-16 21:37:42.062  5541  5593 D nativeloader: Load /data/app/~~ToQwgOo_0mVzgZZcAHiZZA==/com.danylo.oliveira.servicoapp-Y4om5k79MUIHie7ADkXFUg==/base.apk!/lib/x86_64/libhermes.so using class loader ns clns-9 (caller=/data/app/~~ToQwgOo_0mVzgZZcAHiZZA==/com.danylo.oliveira.servicoapp-Y4om5k79MUIHie7ADkXFUg==/base.apk!classes20.dex): ok
02-16 21:37:42.063  5541  5593 D nativeloader: Load /data/app/~~ToQwgOo_0mVzgZZcAHiZZA==/com.danylo.oliveira.servicoapp-Y4om5k79MUIHie7ADkXFUg==/base.apk!/lib/x86_64/libhermestooling.so using class loader ns clns-9 (caller=/data/app/~~ToQwgOo_0mVzgZZcAHiZZA==/com.danylo.oliveira.servicoapp-Y4om5k79MUIHie7ADkXFUg==/base.apk!classes20.dex): ok
02-16 21:37:42.063  5541  5593 D jni_lib_merge: Entering merged library JNI_OnLoad.
02-16 21:37:42.063  5541  5593 D jni_lib_merge: Preparing 4 pre-merged libs (including stub)
02-16 21:37:42.063  5541  5593 D jni_lib_merge: Preparing to register libhermes_executor_so.  onload_func: 0x79fe299a8ce0
02-16 21:37:42.063  5541  5593 D jni_lib_merge: Preparing to register libhermesinstancejni_so.  onload_func: 0x79fe299db700
02-16 21:37:42.063  5541  5593 D jni_lib_merge: Preparing to register libjsijniprofiler_so.  onload_func: 0x79fe299dd470
02-16 21:37:42.063  5541  5593 D jni_lib_merge: About to register 3 actual methods.
02-16 21:37:42.294  5541  5593 I ExpoModulesCore: ✅ AppContext was initialized
02-16 21:37:42.296  5541  5593 I RNFusedLocation: RNFusedLocation initialized
02-16 21:37:42.337  5541  5593 W unknown:BridgelessReact: ReactHost{0}.getOrCreateReactInstanceTask(): Loading JS Bundle
02-16 21:37:42.338  5541  5593 W unknown:BridgelessReact: ReactHost{0}.handleHostException(message = "Unable to load script.
02-16 21:37:42.338  5541  5593 W unknown:BridgelessReact: 
02-16 21:37:42.338  5541  5593 W unknown:BridgelessReact: Make sure you're running Metro or that your bundle 'index.android.bundle' is packaged correctly for release.
02-16 21:37:42.338  5541  5593 W unknown:BridgelessReact: 
02-16 21:37:42.338  5541  5593 W unknown:BridgelessReact: The device must either be USB connected (with bundler set to "localhost:8081") or be on the same Wi-Fi network as your computer (with bundler set to your computer IP) to connect to Metro.
02-16 21:37:42.338  5541  5593 W unknown:BridgelessReact: 
02-16 21:37:42.338  5541  5593 W unknown:BridgelessReact: If you're using USB on a physical device, make sure you also run this command:
02-16 21:37:42.338  5541  5593 W unknown:BridgelessReact:   adb reverse tcp:8081 tcp:8081")
02-16 21:37:42.339  5541  5593 E unknown:ReactNative: Exception in native call
02-16 21:37:42.339  5541  5593 E unknown:ReactNative: java.lang.RuntimeException: Unable to load script.
02-16 21:37:42.339  5541  5593 E unknown:ReactNative: 
02-16 21:37:42.339  5541  5593 E unknown:ReactNative: Make sure you're running Metro or that your bundle 'index.android.bundle' is packaged correctly for release.
02-16 21:37:42.339  5541  5593 E unknown:ReactNative: 
02-16 21:37:42.339  5541  5593 E unknown:ReactNative: The device must either be USB connected (with bundler set to "localhost:8081") or be on the same Wi-Fi network as your computer (with bundler set to your computer IP) to connect to Metro.
02-16 21:37:42.339  5541  5593 E unknown:ReactNative: 
02-16 21:37:42.339  5541  5593 E unknown:ReactNative: If you're using USB on a physical device, make sure you also run this command:
02-16 21:37:42.339  5541  5593 E unknown:ReactNative:   adb reverse tcp:8081 tcp:8081
02-16 21:37:42.339  5541  5593 E unknown:ReactNative: 	at com.facebook.react.runtime.ReactInstance.loadJSBundleFromAssets(Native Method)
02-16 21:37:42.339  5541  5593 E unknown:ReactNative: 	at com.facebook.react.runtime.ReactInstance.access$loadJSBundleFromAssets(ReactInstance.kt:85)
02-16 21:37:42.339  5541  5593 E unknown:ReactNative: 	at com.facebook.react.runtime.ReactInstance$loadJSBundle$1.loadScriptFromAssets(ReactInstance.kt:314)
02-16 21:37:42.339  5541  5593 E unknown:ReactNative: 	at com.facebook.react.bridge.JSBundleLoader$Companion$createAssetLoader$1.loadScript(JSBundleLoader.kt:33)
02-16 21:37:42.339  5541  5593 E unknown:ReactNative: 	at com.facebook.react.runtime.ReactInstance.loadJSBundle(ReactInstance.kt:293)
02-16 21:37:42.339  5541  5593 E unknown:ReactNative: 	at com.facebook.react.runtime.ReactHostImpl.getOrCreateReactInstanceTask$lambda$41$lambda$38(ReactHostImpl.kt:939)
02-16 21:37:42.339  5541  5593 E unknown:ReactNative: 	at com.facebook.react.runtime.ReactHostImpl.$r8$lambda$LQY77bFECGrnkUqd7Ku55sJ721A(Unknown Source:0)
02-16 21:37:42.339  5541  5593 E unknown:ReactNative: 	at com.facebook.react.runtime.ReactHostImpl$$ExternalSyntheticLambda22.then(D8$$SyntheticClass:0)
02-16 21:37:42.339  5541  5593 E unknown:ReactNative: 	at com.facebook.react.runtime.internal.bolts.Task$Companion.completeImmediately$lambda$3(Task.kt:356)
02-16 21:37:42.339  5541  5593 E unknown:ReactNative: 	at com.facebook.react.runtime.internal.bolts.Task$Companion.$r8$lambda$b7MTC0ufkn_2TjF4BGcNqGR9qK0(Unknown Source:0)
02-16 21:37:42.339  5541  5593 E unknown:ReactNative: 	at com.facebook.react.runtime.internal.bolts.Task$Companion$$ExternalSyntheticLambda3.run(D8$$SyntheticClass:0)
02-16 21:37:42.339  5541  5593 E unknown:ReactNative: 	at com.facebook.react.runtime.internal.bolts.Executors$ImmediateExecutor.execute(Executors.kt:41)
02-16 21:37:42.339  5541  5593 E unknown:ReactNative: 	at com.facebook.react.runtime.internal.bolts.Task$Companion.completeImmediately(Task.kt:354)
02-16 21:37:42.339  5541  5593 E unknown:ReactNative: 	at com.facebook.react.runtime.internal.bolts.Task$Companion.access$completeImmediately(Task.kt:250)
02-16 21:37:42.339  5541  5593 E unknown:ReactNative: 	at com.facebook.react.runtime.internal.bolts.Task.continueWith(Task.kt:132)
02-16 21:37:42.339  5541  5593 E unknown:ReactNative: 	at com.facebook.react.runtime.internal.bolts.Task.continueWith$default(Task.kt:117)
02-16 21:37:42.339  5541  5593 E unknown:ReactNative: 	at com.facebook.react.runtime.internal.bolts.Task.onSuccess$lambda$12(Task.kt:174)
02-16 21:37:42.339  5541  5593 E unknown:ReactNative: 	at com.facebook.react.runtime.internal.bolts.Task.$r8$lambda$l0wwo5AvbHxlwfI1R7CH_codxoo(Unknown Source:0)
02-16 21:37:42.339  5541  5593 E unknown:ReactNative: 	at com.facebook.react.runtime.internal.bolts.Task$$ExternalSyntheticLambda2.then(D8$$SyntheticClass:0)
02-16 21:37:42.339  5541  5593 E unknown:ReactNative: 	at com.facebook.react.runtime.internal.bolts.Task$Companion.completeAfterTask$lambda$5(Task.kt:390)
02-16 21:37:42.339  5541  5593 E unknown:ReactNative: 	at com.facebook.react.runtime.internal.bolts.Task$Companion.$r8$lambda$IPpysnehFwANEiW061YzapkMdoE(Unknown Source:0)
02-16 21:37:42.339  5541  5593 E unknown:ReactNative: 	at com.facebook.react.runtime.internal.bolts.Task$Companion$$ExternalSyntheticLambda4.run(D8$$SyntheticClass:0)
02-16 21:37:42.339  5541  5593 E unknown:ReactNative: 	at java.util.concurrent.ThreadPoolExecutor.runWorker(ThreadPoolExecutor.java:1156)
02-16 21:37:42.339  5541  5593 E unknown:ReactNative: 	at java.util.concurrent.ThreadPoolExecutor$Worker.run(ThreadPoolExecutor.java:651)
02-16 21:37:42.339  5541  5593 E unknown:ReactNative: 	at java.lang.Thread.run(Thread.java:1119)
02-16 21:37:42.342  5541  5593 W unknown:BridgelessReact: ReactHost{0}.getOrCreateDestroyTask()
02-16 21:37:42.342  5541  5593 W unknown:BridgelessReact: ReactHost{0}.raiseSoftException(getOrCreateDestroyTask()): handleHostException(message = "Unable to load script.
02-16 21:37:42.342  5541  5593 W unknown:BridgelessReact: 
02-16 21:37:42.342  5541  5593 W unknown:BridgelessReact: Make sure you're running Metro or that your bundle 'index.android.bundle' is packaged correctly for release.
02-16 21:37:42.342  5541  5593 W unknown:BridgelessReact: 
02-16 21:37:42.342  5541  5593 W unknown:BridgelessReact: The device must either be USB connected (with bundler set to "localhost:8081") or be on the same Wi-Fi network as your computer (with bundler set to your computer IP) to connect to Metro.
02-16 21:37:42.342  5541  5593 W unknown:BridgelessReact: 
02-16 21:37:42.342  5541  5593 W unknown:BridgelessReact: If you're using USB on a physical device, make sure you also run this command:
02-16 21:37:42.342  5541  5593 W unknown:BridgelessReact:   adb reverse tcp:8081 tcp:8081")
02-16 21:37:42.343  5541  5593 E unknown:ReactHost: Unhandled SoftException
02-16 21:37:42.343  5541  5593 E unknown:ReactHost: com.facebook.react.bridge.ReactNoCrashSoftException: raiseSoftException(getOrCreateDestroyTask()): handleHostException(message = "Unable to load script.
02-16 21:37:42.343  5541  5593 E unknown:ReactHost: 
02-16 21:37:42.343  5541  5593 E unknown:ReactHost: Make sure you're running Metro or that your bundle 'index.android.bundle' is packaged correctly for release.
02-16 21:37:42.343  5541  5593 E unknown:ReactHost: 
02-16 21:37:42.343  5541  5593 E unknown:ReactHost: The device must either be USB connected (with bundler set to "localhost:8081") or be on the same Wi-Fi network as your computer (with bundler set to your computer IP) to connect to Metro.
02-16 21:37:42.343  5541  5593 E unknown:ReactHost: 
02-16 21:37:42.343  5541  5593 E unknown:ReactHost: If you're using USB on a physical device, make sure you also run this command:
02-16 21:37:42.343  5541  5593 E unknown:ReactHost:   adb reverse tcp:8081 tcp:8081")
02-16 21:37:42.343  5541  5593 E unknown:ReactHost: 	at com.facebook.react.runtime.ReactHostImpl.raiseSoftException(ReactHostImpl.kt:787)
02-16 21:37:42.343  5541  5593 E unknown:ReactHost: 	at com.facebook.react.runtime.ReactHostImpl.getOrCreateDestroyTask(ReactHostImpl.kt:1311)
02-16 21:37:42.343  5541  5593 E unknown:ReactHost: 	at com.facebook.react.runtime.ReactHostImpl.destroy$lambda$10(ReactHostImpl.kt:473)
02-16 21:37:42.343  5541  5593 E unknown:ReactHost: 	at com.facebook.react.runtime.ReactHostImpl.$r8$lambda$vrU67S1pce6ypI1MpEJ0yfM09iA(Unknown Source:0)
02-16 21:37:42.343  5541  5593 E unknown:ReactHost: 	at com.facebook.react.runtime.ReactHostImpl$$ExternalSyntheticLambda35.call(D8$$SyntheticClass:0)
02-16 21:37:42.343  5541  5593 E unknown:ReactHost: 	at com.facebook.react.runtime.internal.bolts.Task$Companion.call$lambda$2(Task.kt:315)
02-16 21:37:42.343  5541  5593 E unknown:ReactHost: 	at com.facebook.react.runtime.internal.bolts.Task$Companion.$r8$lambda$MFqd_-X5KhHmu0hvNE2Bec_4mJM(Unknown Source:0)
02-16 21:37:42.343  5541  5593 E unknown:ReactHost: 	at com.facebook.react.runtime.internal.bolts.Task$Companion$$ExternalSyntheticLambda1.run(D8$$SyntheticClass:0)
02-16 21:37:42.343  5541  5593 E unknown:ReactHost: 	at java.util.concurrent.ThreadPoolExecutor.runWorker(ThreadPoolExecutor.java:1156)
02-16 21:37:42.343  5541  5593 E unknown:ReactHost: 	at java.util.concurrent.ThreadPoolExecutor$Worker.run(ThreadPoolExecutor.java:651)
02-16 21:37:42.343  5541  5593 E unknown:ReactHost: 	at java.lang.Thread.run(Thread.java:1119)
02-16 21:37:42.343  5541  5593 E unknown:ReactHost: Caused by: java.lang.RuntimeException: Unable to load script.
02-16 21:37:42.343  5541  5593 E unknown:ReactHost: 
02-16 21:37:42.343  5541  5593 E unknown:ReactHost: Make sure you're running Metro or that your bundle 'index.android.bundle' is packaged correctly for release.
02-16 21:37:42.343  5541  5593 E unknown:ReactHost: 
02-16 21:37:42.343  5541  5593 E unknown:ReactHost: The device must either be USB connected (with bundler set to "localhost:8081") or be on the same Wi-Fi network as your computer (with bundler set to your computer IP) to connect to Metro.
02-16 21:37:42.343  5541  5593 E unknown:ReactHost: 
02-16 21:37:42.343  5541  5593 E unknown:ReactHost: If you're using USB on a physical device, make sure you also run this command:
02-16 21:37:42.343  5541  5593 E unknown:ReactHost:   adb reverse tcp:8081 tcp:8081
02-16 21:37:42.343  5541  5593 E unknown:ReactHost: 	at com.facebook.react.runtime.ReactInstance.loadJSBundleFromAssets(Native Method)
02-16 21:37:42.343  5541  5593 E unknown:ReactHost: 	at com.facebook.react.runtime.ReactInstance.access$loadJSBundleFromAssets(ReactInstance.kt:85)
02-16 21:37:42.343  5541  5593 E unknown:ReactHost: 	at com.facebook.react.runtime.ReactInstance$loadJSBundle$1.loadScriptFromAssets(ReactInstance.kt:314)
02-16 21:37:42.343  5541  5593 E unknown:ReactHost: 	at com.facebook.react.bridge.JSBundleLoader$Companion$createAssetLoader$1.loadScript(JSBundleLoader.kt:33)
02-16 21:37:42.343  5541  5593 E unknown:ReactHost: 	at com.facebook.react.runtime.ReactInstance.loadJSBundle(ReactInstance.kt:293)
02-16 21:37:42.343  5541  5593 E unknown:ReactHost: 	at com.facebook.react.runtime.ReactHostImpl.getOrCreateReactInstanceTask$lambda$41$lambda$38(ReactHostImpl.kt:939)
02-16 21:37:42.343  5541  5593 E unknown:ReactHost: 	at com.facebook.react.runtime.ReactHostImpl.$r8$lambda$LQY77bFECGrnkUqd7Ku55sJ721A(Unknown Source:0)
02-16 21:37:42.343  5541  5593 E unknown:ReactHost: 	at com.facebook.react.runtime.ReactHostImpl$$ExternalSyntheticLambda22.then(D8$$SyntheticClass:0)
02-16 21:37:42.343  5541  5593 E unknown:ReactHost: 	at com.facebook.react.runtime.internal.bolts.Task$Companion.completeImmediately$lambda$3(Task.kt:356)
02-16 21:37:42.343  5541  5593 E unknown:ReactHost: 	at com.facebook.react.runtime.internal.bolts.Task$Companion.$r8$lambda$b7MTC0ufkn_2TjF4BGcNqGR9qK0(Unknown Source:0)
02-16 21:37:42.343  5541  5593 E unknown:ReactHost: 	at com.facebook.react.runtime.internal.bolts.Task$Companion$$ExternalSyntheticLambda3.run(D8$$SyntheticClass:0)
02-16 21:37:42.343  5541  5593 E unknown:ReactHost: 	at com.facebook.react.runtime.internal.bolts.Executors$ImmediateExecutor.execute(Executors.kt:41)
02-16 21:37:42.343  5541  5593 E unknown:ReactHost: 	at com.facebook.react.runtime.internal.bolts.Task$Companion.completeImmediately(Task.kt:354)
02-16 21:37:42.343  5541  5593 E unknown:ReactHost: 	at com.facebook.react.runtime.internal.bolts.Task$Companion.access$completeImmediately(Task.kt:250)
02-16 21:37:42.343  5541  5593 E unknown:ReactHost: 	at com.facebook.react.runtime.internal.bolts.Task.continueWith(Task.kt:132)
02-16 21:37:42.343  5541  5593 E unknown:ReactHost: 	at com.facebook.react.runtime.internal.bolts.Task.continueWith$default(Task.kt:117)
02-16 21:37:42.343  5541  5593 E unknown:ReactHost: 	at com.facebook.react.runtime.internal.bolts.Task.onSuccess$lambda$12(Task.kt:174)
02-16 21:37:42.343  5541  5593 E unknown:ReactHost: 	at com.facebook.react.runtime.internal.bolts.Task.$r8$lambda$l0wwo5AvbHxlwfI1R7CH_codxoo(Unknown Source:0)
02-16 21:37:42.343  5541  5593 E unknown:ReactHost: 	at com.facebook.react.runtime.internal.bolts.Task$$ExternalSyntheticLambda2.then(D8$$SyntheticClass:0)
02-16 21:37:42.343  5541  5593 E unknown:ReactHost: 	at com.facebook.react.runtime.internal.bolts.Task$Companion.completeAfterTask$lambda$5(Task.kt:390)
02-16 21:37:42.343  5541  5593 E unknown:ReactHost: 	at com.facebook.react.runtime.internal.bolts.Task$Companion.$r8$lambda$IPpysnehFwANEiW061YzapkMdoE(Unknown Source:0)
02-16 21:37:42.343  5541  5593 E unknown:ReactHost: 	at com.facebook.react.runtime.internal.bolts.Task$Companion$$ExternalSyntheticLambda4.run(D8$$SyntheticClass:0)
02-16 21:37:42.343  5541  5593 E unknown:ReactHost: 	... 3 more
02-16 21:37:42.344  5541  5593 W unknown:BridgelessReact: ReactHost{0}.getOrCreateDestroyTask(): Resetting createReactInstance task ref
02-16 21:37:42.368  5541  5541 W HWUI    : Image decoding logging dropped!
02-16 21:37:42.407  5541  5541 W unknown:BridgelessReact: ReactHost{0}.getOrCreateDestroyTask(): Starting React Native destruction
02-16 21:37:42.407  5541  5541 W unknown:BridgelessReact: ReactHost{0}.raiseSoftException(getOrCreateDestroyTask()): Destroy: ReactInstance task faulted. Stage: 1: Starting destroy. Fault reason: Unable to load script.
02-16 21:37:42.407  5541  5541 W unknown:BridgelessReact: 
02-16 21:37:42.407  5541  5541 W unknown:BridgelessReact: Make sure you're running Metro or that your bundle 'index.android.bundle' is packaged correctly for release.
02-16 21:37:42.407  5541  5541 W unknown:BridgelessReact: 
02-16 21:37:42.407  5541  5541 W unknown:BridgelessReact: The device must either be USB connected (with bundler set to "localhost:8081") or be on the same Wi-Fi network as your computer (with bundler set to your computer IP) to connect to Metro.
02-16 21:37:42.407  5541  5541 W unknown:BridgelessReact: 
02-16 21:37:42.407  5541  5541 W unknown:BridgelessReact: If you're using USB on a physical device, make sure you also run this command:
02-16 21:37:42.407  5541  5541 W unknown:BridgelessReact:   adb reverse tcp:8081 tcp:8081. Destroy reason: handleHostException(message = "Unable to load script.
02-16 21:37:42.407  5541  5541 W unknown:BridgelessReact: 
02-16 21:37:42.407  5541  5541 W unknown:BridgelessReact: Make sure you're running Metro or that your bundle 'index.android.bundle' is packaged correctly for release.
02-16 21:37:42.407  5541  5541 W unknown:BridgelessReact: 
02-16 21:37:42.407  5541  5541 W unknown:BridgelessReact: The device must either be USB connected (with bundler set to "localhost:8081") or be on the same Wi-Fi network as your computer (with bundler set to your computer IP) to connect to Metro.
02-16 21:37:42.407  5541  5541 W unknown:BridgelessReact: 
02-16 21:37:42.407  5541  5541 W unknown:BridgelessReact: If you're using USB on a physical device, make sure you also run this command:
02-16 21:37:42.407  5541  5541 W unknown:BridgelessReact:   adb reverse tcp:8081 tcp:8081")
02-16 21:37:42.407  5541  5541 E unknown:ReactHost: Unhandled SoftException
02-16 21:37:42.407  5541  5541 E unknown:ReactHost: com.facebook.react.bridge.ReactNoCrashSoftException: raiseSoftException(getOrCreateDestroyTask()): Destroy: ReactInstance task faulted. Stage: 1: Starting destroy. Fault reason: Unable to load script.
02-16 21:37:42.407  5541  5541 E unknown:ReactHost: 
02-16 21:37:42.407  5541  5541 E unknown:ReactHost: Make sure you're running Metro or that your bundle 'index.android.bundle' is packaged correctly for release.
02-16 21:37:42.407  5541  5541 E unknown:ReactHost: 
02-16 21:37:42.407  5541  5541 E unknown:ReactHost: The device must either be USB connected (with bundler set to "localhost:8081") or be on the same Wi-Fi network as your computer (with bundler set to your computer IP) to connect to Metro.
02-16 21:37:42.407  5541  5541 E unknown:ReactHost: 
02-16 21:37:42.407  5541  5541 E unknown:ReactHost: If you're using USB on a physical device, make sure you also run this command:
02-16 21:37:42.407  5541  5541 E unknown:ReactHost:   adb reverse tcp:8081 tcp:8081. Destroy reason: handleHostException(message = "Unable to load script.
02-16 21:37:42.407  5541  5541 E unknown:ReactHost: 
02-16 21:37:42.407  5541  5541 E unknown:ReactHost: Make sure you're running Metro or that your bundle 'index.android.bundle' is packaged correctly for release.
02-16 21:37:42.407  5541  5541 E unknown:ReactHost: 
02-16 21:37:42.407  5541  5541 E unknown:ReactHost: The device must either be USB connected (with bundler set to "localhost:8081") or be on the same Wi-Fi network as your computer (with bundler set to your computer IP) to connect to Metro.
02-16 21:37:42.407  5541  5541 E unknown:ReactHost: 
02-16 21:37:42.407  5541  5541 E unknown:ReactHost: If you're using USB on a physical device, make sure you also run this command:
02-16 21:37:42.407  5541  5541 E unknown:ReactHost:   adb reverse tcp:8081 tcp:8081")
02-16 21:37:42.407  5541  5541 E unknown:ReactHost: 	at com.facebook.react.runtime.ReactHostImpl.raiseSoftException(ReactHostImpl.kt:787)
02-16 21:37:42.407  5541  5541 E unknown:ReactHost: 	at com.facebook.react.runtime.ReactHostImpl.raiseSoftException$default(ReactHostImpl.kt:779)
02-16 21:37:42.407  5541  5541 E unknown:ReactHost: 	at com.facebook.react.runtime.ReactHostImpl.createReactInstanceUnwrapper$lambda$46(ReactHostImpl.kt:1129)
02-16 21:37:42.407  5541  5541 E unknown:ReactHost: 	at com.facebook.react.runtime.ReactHostImpl.$r8$lambda$TjbS0TZW9o8rbR9te9jnWsd5w3w(Unknown Source:0)
02-16 21:37:42.407  5541  5541 E unknown:ReactHost: 	at com.facebook.react.runtime.ReactHostImpl$$ExternalSyntheticLambda36.invoke(D8$$SyntheticClass:0)
02-16 21:37:42.407  5541  5541 E unknown:ReactHost: 	at com.facebook.react.runtime.ReactHostImpl.getOrCreateDestroyTask$lambda$57(ReactHostImpl.kt:1326)
02-16 21:37:42.407  5541  5541 E unknown:ReactHost: 	at com.facebook.react.runtime.ReactHostImpl.$r8$lambda$h_JBtd6eAd3fmOqdV80aRC4HfmY(Unknown Source:0)
02-16 21:37:42.407  5541  5541 E unknown:ReactHost: 	at com.facebook.react.runtime.ReactHostImpl$$ExternalSyntheticLambda25.then(D8$$SyntheticClass:0)
02-16 21:37:42.407  5541  5541 E unknown:ReactHost: 	at com.facebook.react.runtime.internal.bolts.Task$Companion.completeAfterTask$lambda$5(Task.kt:390)
02-16 21:37:42.407  5541  5541 E unknown:ReactHost: 	at com.facebook.react.runtime.internal.bolts.Task$Companion.$r8$lambda$IPpysnehFwANEiW061YzapkMdoE(Unknown Source:0)
02-16 21:37:42.407  5541  5541 E unknown:ReactHost: 	at com.facebook.react.runtime.internal.bolts.Task$Companion$$ExternalSyntheticLambda4.run(D8$$SyntheticClass:0)
02-16 21:37:42.407  5541  5541 E unknown:ReactHost: 	at android.os.Handler.handleCallback(Handler.java:995)
02-16 21:37:42.407  5541  5541 E unknown:ReactHost: 	at android.os.Handler.dispatchMessage(Handler.java:103)
02-16 21:37:42.407  5541  5541 E unknown:ReactHost: 	at android.os.Looper.loopOnce(Looper.java:248)
02-16 21:37:42.407  5541  5541 E unknown:ReactHost: 	at android.os.Looper.loop(Looper.java:338)
02-16 21:37:42.407  5541  5541 E unknown:ReactHost: 	at android.app.ActivityThread.main(ActivityThread.java:9067)
02-16 21:37:42.407  5541  5541 E unknown:ReactHost: 	at java.lang.reflect.Method.invoke(Native Method)
02-16 21:37:42.407  5541  5541 E unknown:ReactHost: 	at com.android.internal.os.RuntimeInit$MethodAndArgsCaller.run(RuntimeInit.java:593)
02-16 21:37:42.407  5541  5541 E unknown:ReactHost: 	at com.android.internal.os.ZygoteInit.main(ZygoteInit.java:932)
02-16 21:37:42.408  5541  5541 W unknown:BridgelessReact: ReactHost{0}.getOrCreateDestroyTask(): DevSupportManager cleanup
02-16 21:37:42.408  5541  5541 W unknown:BridgelessReact: ReactHost{0}.getOrCreateDestroyTask(): Move ReactHost to onHostDestroy()
02-16 21:37:42.408  5541  5541 W unknown:BridgelessReact: ReactContext.onHostPause()
02-16 21:37:42.409  5541  5541 E unknown:ReactNative: Tried to remove non-existent frame callback
02-16 21:37:42.409  5541  5541 W unknown:BridgelessReact: ReactContext.onHostDestroy()
02-16 21:37:42.411  5541  5593 W unknown:BridgelessReact: ReactHost{0}.getOrCreateDestroyTask(): Stopping all React Native surfaces
02-16 21:37:42.411  5541  5593 E unknown:FabricUIManager: Unhandled SoftException
02-16 21:37:42.411  5541  5593 E unknown:FabricUIManager: java.lang.IllegalStateException: Trying to stop surface that hasn't started yet
02-16 21:37:42.411  5541  5593 E unknown:FabricUIManager: 	at com.facebook.react.fabric.FabricUIManager.stopSurface(FabricUIManager.java:395)
02-16 21:37:42.411  5541  5593 E unknown:FabricUIManager: 	at com.facebook.react.runtime.ReactInstance.stopSurface(ReactInstance.kt:397)
02-16 21:37:42.411  5541  5593 E unknown:FabricUIManager: 	at com.facebook.react.runtime.ReactHostImpl.stopAttachedSurfaces(ReactHostImpl.kt:1098)
02-16 21:37:42.411  5541  5593 E unknown:FabricUIManager: 	at com.facebook.react.runtime.ReactHostImpl.getOrCreateDestroyTask$lambda$59(ReactHostImpl.kt:1363)
02-16 21:37:42.411  5541  5593 E unknown:FabricUIManager: 	at com.facebook.react.runtime.ReactHostImpl.$r8$lambda$MEC88LePtSrM-qRlOlAmlPb1RWo(Unknown Source:0)
02-16 21:37:42.411  5541  5593 E unknown:FabricUIManager: 	at com.facebook.react.runtime.ReactHostImpl$$ExternalSyntheticLambda26.then(D8$$SyntheticClass:0)
